1	1	SEPARATOR	LBRACE	[
1	2	SEPARATOR	LBRACE	[
1	3	SEPARATOR	LBRACE	[
1	4	SEPARATOR	RBRACE	]
1	5	SEPARATOR	RBRACE	]
1	6	SEPARATOR	RBRACE	]
2	1	SEPARATOR	LBRACE	[
2	2	SEPARATOR	RBRACE	]
2	3	SEPARATOR	LBRACE	[
2	4	SEPARATOR	RBRACE	]
2	5	EOF	EOF