1	1	STRING	AB	#65#66
2	1	STRING	CDE	#67#68#69
2	10	EOF	EOF