1	1	KEYWORD	program	program
1	9	KEYWORD	begin	begin