1	1	INTEGER	555	555
1	5	INTEGER	666	666
2	1	INTEGER	111	111